// Jest Snapshot v1, https://goo.gl/fbAQLP

exports[`InputText should match snapshot 1`] = `
<View
  style={
    Array [
      Object {
        "alignSelf": "center",
        "height": 60,
        "marginBottom": 16,
        "width": "100%",
      },
    ]
  }
>
  <View
    style={
      Array [
        Object {
          "backgroundColor": "#333333",
          "borderRadius": 4,
          "height": "100%",
          "left": 0,
          "opacity": 0.32,
          "position": "absolute",
          "top": 0,
          "width": "100%",
        },
      ]
    }
  />
  <View
    style={
      Array [
        Object {
          "height": "100%",
          "paddingBottom": 6,
          "paddingLeft": 16,
          "paddingRight": 16,
          "paddingTop": 6,
        },
      ]
    }
  >
    <View
      style={
        Array [
          Object {
            "alignItems": "center",
            "flexDirection": "row",
            "height": "100%",
            "justifyContent": "space-between",
          },
        ]
      }
    >
      <View
        style={
          Array [
            Object {
              "minWidth": "60%",
            },
          ]
        }
      >
        <Text
          style={
            Array [
              Object {
                "color": "#FFFFFF52",
                "lineHeight": 16,
              },
            ]
          }
        >
          inputLabel
        </Text>
        <TextInput
          onChangeText={[MockFunction]}
          onSubmitEditing={[Function]}
          placeholder="inputPlaceholder"
          placeholderTextColor="#FFFFFF52"
          secureTextEntry={false}
          style={
            Array [
              Object {
                "color": "#FFFFFF",
                "flexBasis": 0,
                "flexGrow": 1,
                "flexShrink": 1,
                "height": 24,
                "paddingBottom": 0,
                "paddingLeft": 0,
                "paddingRight": 0,
                "paddingTop": 0,
              },
            ]
          }
          testID="input-text-inputName"
        />
      </View>
    </View>
  </View>
</View>
`;
